../Core/Src/main.c:52:7:CLAMP	24	static
../Core/Src/main.c:58:7:Add_Gaussian_Noise	32	static
../Core/Src/main.c:85:7:LowPassFilter	24	static
../Core/Src/main.c:90:7:Get_Internal_Resistance	32	static
../Core/Src/main.c:107:6:Run_ECU_Logic	88	static
../Core/Src/main.c:186:7:Run_Vehicle_Plant	72	static
../Core/Src/main.c:234:6:Run_EKF	64	static
../Core/Src/main.c:266:5:main	376	static
../Core/Src/main.c:386:6:HAL_CAN_RxFifo0MsgPendingCallback	16	static
../Core/Src/main.c:395:6:SystemClock_Config	88	static
../Core/Src/main.c:421:13:MX_CAN1_Init	8	static
../Core/Src/main.c:437:13:MX_USART2_UART_Init	8	static
../Core/Src/main.c:449:13:MX_GPIO_Init	40	static
